// Jest Snapshot v1, https://goo.gl/fbAQLP

exports[`Measureds should match with snapshot 1`] = `
<h3>
  No measurements
</h3>
`;
