// Jest Snapshot v1, https://goo.gl/fbAQLP

exports[`Measured renders correctly 1`] = `ShallowWrapper {}`;

exports[`renders when no props passed 1`] = `[Function]`;
