// Jest Snapshot v1, https://goo.gl/fbAQLP

exports[`FooterNav renders correctly 1`] = `ShallowWrapper {}`;
